# Heading

[hello]

[hello]: world

## Next Heading
