Visit [*emphasis*] here.

[*emphasis*]: https://example.com
