[collapsed]
[full]

[collapsed]: /collapsed
[full]: /full
