# Section 1

[google](https://www.google.com)
[google](https://www.google.de)
