See [**bold text**] for more.

[**bold text**]: https://example.com
