[hello]

[goodbye]

[goodbye]: moon
[hello]: world
