Check out [`sync.Map`] for details.

[`sync.Map`]: https://golang.org/pkg/sync/#Map
